0 verbose cli /Users/apple/.nvm/versions/node/v20.20.0/bin/node /Users/apple/.nvm/versions/node/v20.20.0/bin/npm
1 info using npm@10.8.2
2 info using node@v20.20.0
3 silly config load:file:/Users/apple/.nvm/versions/node/v20.20.0/lib/node_modules/npm/npmrc
4 silly config load:file:/Users/apple/premier-nextjs/.npmrc
5 silly config load:file:/Users/apple/.npmrc
6 silly config load:file:/Users/apple/.nvm/versions/node/v20.20.0/etc/npmrc
7 verbose title npm install next react react-dom
8 verbose argv "install" "next" "react" "react-dom" "--cache" "/Users/apple/premier-nextjs/.npm-cache"
9 verbose logfile logs-max:10 dir:/Users/apple/premier-nextjs/.npm-cache/_logs/2026-05-06T09_53_11_218Z-
10 verbose logfile /Users/apple/premier-nextjs/.npm-cache/_logs/2026-05-06T09_53_11_218Z-debug-0.log
11 silly packumentCache heap:4345298944 maxSize:1086324736 maxEntrySize:543162368
12 silly logfile done cleaning log files
13 silly idealTree buildDeps
14 silly fetch manifest next@*
15 silly packumentCache full:https://registry.npmjs.org/next cache-miss
16 http fetch GET 200 https://registry.npmjs.org/next 777ms (cache miss)
17 silly packumentCache full:https://registry.npmjs.org/next set size:undefined disposed:false
18 silly fetch manifest @opentelemetry/api@^1.1.0
19 silly packumentCache full:https://registry.npmjs.org/@opentelemetry%2fapi cache-miss
20 http fetch GET 200 https://registry.npmjs.org/@opentelemetry%2fapi 80ms (cache miss)
21 silly packumentCache full:https://registry.npmjs.org/@opentelemetry%2fapi set size:undefined disposed:false
22 silly fetch manifest @playwright/test@^1.51.1
23 silly packumentCache full:https://registry.npmjs.org/@playwright%2ftest cache-miss
24 http fetch GET 200 https://registry.npmjs.org/@playwright%2ftest 270ms (cache miss)
25 silly packumentCache full:https://registry.npmjs.org/@playwright%2ftest set size:undefined disposed:false
26 silly fetch manifest babel-plugin-react-compiler@*
27 silly packumentCache full:https://registry.npmjs.org/babel-plugin-react-compiler cache-miss
28 http fetch GET 200 https://registry.npmjs.org/babel-plugin-react-compiler 76ms (cache miss)
29 silly packumentCache full:https://registry.npmjs.org/babel-plugin-react-compiler set size:undefined disposed:false
30 silly fetch manifest react@*
31 silly packumentCache full:https://registry.npmjs.org/react cache-miss
32 http fetch GET 200 https://registry.npmjs.org/react 3160ms (cache miss)
33 silly packumentCache full:https://registry.npmjs.org/react set size:undefined disposed:false
34 silly fetch manifest react-dom@*
35 silly packumentCache full:https://registry.npmjs.org/react-dom cache-miss
36 http fetch GET 200 https://registry.npmjs.org/react-dom 3274ms (cache miss)
37 silly packumentCache full:https://registry.npmjs.org/react-dom set size:undefined disposed:false
38 silly fetch manifest sass@^1.3.0
39 silly packumentCache full:https://registry.npmjs.org/sass cache-miss
40 http fetch GET 200 https://registry.npmjs.org/sass 235ms (cache miss)
41 silly packumentCache full:https://registry.npmjs.org/sass set size:undefined disposed:false
42 silly placeDep ROOT next@16.2.4 OK for: premier-nextjs@1.0.0 want: *
43 silly placeDep ROOT react@19.2.5 OK for: next@16.2.4 want: ^18.2.0 || 19.0.0-rc-de68d2f4-20241204 || ^19.0.0
44 silly placeDep ROOT react-dom@19.2.5 OK for: next@16.2.4 want: ^18.2.0 || 19.0.0-rc-de68d2f4-20241204 || ^19.0.0
45 silly placeDep ROOT react@19.2.5 REPLACE for: premier-nextjs@1.0.0 want: *
46 silly placeDep ROOT react-dom@19.2.5 REPLACE for: premier-nextjs@1.0.0 want: *
47 silly fetch manifest postcss@8.4.31
48 silly packumentCache full:https://registry.npmjs.org/postcss cache-miss
49 silly fetch manifest @next/env@16.2.4
50 silly packumentCache full:https://registry.npmjs.org/@next%2fenv cache-miss
51 silly fetch manifest styled-jsx@5.1.6
52 silly packumentCache full:https://registry.npmjs.org/styled-jsx cache-miss
53 silly fetch manifest @swc/helpers@0.5.15
54 silly packumentCache full:https://registry.npmjs.org/@swc%2fhelpers cache-miss
55 silly fetch manifest caniuse-lite@^1.0.30001579
56 silly packumentCache full:https://registry.npmjs.org/caniuse-lite cache-miss
57 silly fetch manifest baseline-browser-mapping@^2.9.19
58 silly packumentCache full:https://registry.npmjs.org/baseline-browser-mapping cache-miss
59 silly fetch manifest sharp@^0.34.5
60 silly packumentCache full:https://registry.npmjs.org/sharp cache-miss
61 http fetch GET 200 https://registry.npmjs.org/postcss 148ms (cache miss)
62 silly packumentCache full:https://registry.npmjs.org/postcss set size:undefined disposed:false
63 silly fetch manifest @next/swc-darwin-x64@16.2.4
64 silly packumentCache full:https://registry.npmjs.org/@next%2fswc-darwin-x64 cache-miss
65 http fetch GET 200 https://registry.npmjs.org/styled-jsx 253ms (cache miss)
66 silly packumentCache full:https://registry.npmjs.org/styled-jsx set size:undefined disposed:false
67 silly fetch manifest @next/swc-darwin-arm64@16.2.4
68 silly packumentCache full:https://registry.npmjs.org/@next%2fswc-darwin-arm64 cache-miss
69 http fetch GET 200 https://registry.npmjs.org/baseline-browser-mapping 267ms (cache miss)
70 silly packumentCache full:https://registry.npmjs.org/baseline-browser-mapping set size:undefined disposed:false
71 silly fetch manifest @next/swc-linux-x64-gnu@16.2.4
72 silly packumentCache full:https://registry.npmjs.org/@next%2fswc-linux-x64-gnu cache-miss
73 http fetch GET 200 https://registry.npmjs.org/sharp 282ms (cache miss)
74 silly packumentCache full:https://registry.npmjs.org/sharp set size:undefined disposed:false
75 silly fetch manifest @next/swc-linux-x64-musl@16.2.4
76 silly packumentCache full:https://registry.npmjs.org/@next%2fswc-linux-x64-musl cache-miss
77 http fetch GET 200 https://registry.npmjs.org/@swc%2fhelpers 298ms (cache miss)
78 silly packumentCache full:https://registry.npmjs.org/@swc%2fhelpers set size:undefined disposed:false
79 silly fetch manifest @next/swc-win32-x64-msvc@16.2.4
80 silly packumentCache full:https://registry.npmjs.org/@next%2fswc-win32-x64-msvc cache-miss
81 http fetch GET 200 https://registry.npmjs.org/@next%2fswc-darwin-x64 217ms (cache miss)
82 silly packumentCache full:https://registry.npmjs.org/@next%2fswc-darwin-x64 set size:undefined disposed:false
83 silly fetch manifest @next/swc-linux-arm64-gnu@16.2.4
84 silly packumentCache full:https://registry.npmjs.org/@next%2fswc-linux-arm64-gnu cache-miss
85 http fetch GET 200 https://registry.npmjs.org/caniuse-lite 402ms (cache miss)
86 silly packumentCache full:https://registry.npmjs.org/caniuse-lite set size:undefined disposed:false
87 silly fetch manifest @next/swc-linux-arm64-musl@16.2.4
88 silly packumentCache full:https://registry.npmjs.org/@next%2fswc-linux-arm64-musl cache-miss
89 http fetch GET 200 https://registry.npmjs.org/@next%2fenv 440ms (cache miss)
90 silly packumentCache full:https://registry.npmjs.org/@next%2fenv set size:undefined disposed:false
91 silly fetch manifest @next/swc-win32-arm64-msvc@16.2.4
92 silly packumentCache full:https://registry.npmjs.org/@next%2fswc-win32-arm64-msvc cache-miss
93 http fetch GET 200 https://registry.npmjs.org/@next%2fswc-darwin-arm64 263ms (cache miss)
94 silly packumentCache full:https://registry.npmjs.org/@next%2fswc-darwin-arm64 set size:undefined disposed:false
95 silly fetch manifest scheduler@^0.27.0
96 silly packumentCache full:https://registry.npmjs.org/scheduler cache-miss
97 http fetch GET 200 https://registry.npmjs.org/@next%2fswc-linux-x64-musl 287ms (cache miss)
98 silly packumentCache full:https://registry.npmjs.org/@next%2fswc-linux-x64-musl set size:undefined disposed:false
99 silly fetch manifest scheduler@^0.27.0
100 silly packumentCache full:https://registry.npmjs.org/scheduler cache-miss
101 http fetch GET 200 https://registry.npmjs.org/@next%2fswc-linux-x64-gnu 338ms (cache miss)
102 silly packumentCache full:https://registry.npmjs.org/@next%2fswc-linux-x64-gnu set size:undefined disposed:false
103 http fetch GET 200 https://registry.npmjs.org/@next%2fswc-win32-x64-msvc 330ms (cache miss)
104 silly packumentCache full:https://registry.npmjs.org/@next%2fswc-win32-x64-msvc set size:undefined disposed:false
105 http fetch GET 200 https://registry.npmjs.org/@next%2fswc-win32-arm64-msvc 220ms (cache miss)
106 silly packumentCache full:https://registry.npmjs.org/@next%2fswc-win32-arm64-msvc set size:undefined disposed:false
107 http fetch GET 200 https://registry.npmjs.org/@next%2fswc-linux-arm64-musl 293ms (cache miss)
108 silly packumentCache full:https://registry.npmjs.org/@next%2fswc-linux-arm64-musl set size:undefined disposed:false
109 http fetch GET 200 https://registry.npmjs.org/scheduler 221ms (cache miss)
110 silly packumentCache full:https://registry.npmjs.org/scheduler set size:undefined disposed:false
111 http fetch GET 200 https://registry.npmjs.org/@next%2fswc-linux-arm64-gnu 402ms (cache miss)
112 silly packumentCache full:https://registry.npmjs.org/@next%2fswc-linux-arm64-gnu set size:undefined disposed:false
113 http fetch GET 200 https://registry.npmjs.org/scheduler 221ms (cache miss)
114 silly packumentCache full:https://registry.npmjs.org/scheduler set size:undefined disposed:false
115 silly fetch manifest react@^18.2.0 || 19.0.0-rc-de68d2f4-20241204 || ^19.0.0
116 silly packumentCache full:https://registry.npmjs.org/react cache-miss
117 http fetch GET 200 https://registry.npmjs.org/react 10ms (cache hit)
118 silly packumentCache full:https://registry.npmjs.org/react set size:6637568 disposed:false
119 silly placeDep ROOT @next/env@16.2.4 OK for: next@16.2.4 want: 16.2.4
120 silly placeDep ROOT @next/swc-darwin-arm64@16.2.4 OK for: next@16.2.4 want: 16.2.4
121 silly placeDep ROOT @next/swc-darwin-x64@16.2.4 OK for: next@16.2.4 want: 16.2.4
122 silly placeDep ROOT @next/swc-linux-arm64-gnu@16.2.4 OK for: next@16.2.4 want: 16.2.4
123 silly placeDep ROOT @next/swc-linux-arm64-musl@16.2.4 OK for: next@16.2.4 want: 16.2.4
124 silly placeDep ROOT @next/swc-linux-x64-gnu@16.2.4 OK for: next@16.2.4 want: 16.2.4
125 silly placeDep ROOT @next/swc-linux-x64-musl@16.2.4 OK for: next@16.2.4 want: 16.2.4
126 silly placeDep ROOT @next/swc-win32-arm64-msvc@16.2.4 OK for: next@16.2.4 want: 16.2.4
127 silly placeDep ROOT @next/swc-win32-x64-msvc@16.2.4 OK for: next@16.2.4 want: 16.2.4
128 silly placeDep ROOT @swc/helpers@0.5.15 OK for: next@16.2.4 want: 0.5.15
129 silly placeDep ROOT baseline-browser-mapping@2.10.27 OK for: next@16.2.4 want: ^2.9.19
130 silly placeDep ROOT caniuse-lite@1.0.30001792 OK for: next@16.2.4 want: ^1.0.30001579
131 silly placeDep ROOT postcss@8.4.31 OK for: next@16.2.4 want: 8.4.31
132 silly placeDep ROOT sharp@0.34.5 OK for: next@16.2.4 want: ^0.34.5
133 silly placeDep ROOT styled-jsx@5.1.6 OK for: next@16.2.4 want: 5.1.6
134 silly fetch manifest tslib@^2.8.0
135 silly packumentCache full:https://registry.npmjs.org/tslib cache-miss
136 silly fetch manifest nanoid@^3.3.6
137 silly packumentCache full:https://registry.npmjs.org/nanoid cache-miss
138 silly fetch manifest picocolors@^1.0.0
139 silly packumentCache full:https://registry.npmjs.org/picocolors cache-miss
140 silly fetch manifest source-map-js@^1.0.2
141 silly packumentCache full:https://registry.npmjs.org/source-map-js cache-miss
142 silly fetch manifest semver@^7.7.3
143 silly packumentCache full:https://registry.npmjs.org/semver cache-miss
144 silly fetch manifest @img/colour@^1.0.0
145 silly packumentCache full:https://registry.npmjs.org/@img%2fcolour cache-miss
146 silly fetch manifest detect-libc@^2.1.2
147 silly packumentCache full:https://registry.npmjs.org/detect-libc cache-miss
148 http fetch GET 200 https://registry.npmjs.org/picocolors 60ms (cache miss)
149 silly packumentCache full:https://registry.npmjs.org/picocolors set size:undefined disposed:false
150 silly fetch manifest @img/sharp-wasm32@0.34.5
151 silly packumentCache full:https://registry.npmjs.org/@img%2fsharp-wasm32 cache-miss
152 http fetch GET 200 https://registry.npmjs.org/source-map-js 66ms (cache miss)
153 silly packumentCache full:https://registry.npmjs.org/source-map-js set size:undefined disposed:false
154 silly fetch manifest @img/sharp-linux-arm@0.34.5
155 silly packumentCache full:https://registry.npmjs.org/@img%2fsharp-linux-arm cache-miss
156 http fetch GET 200 https://registry.npmjs.org/tslib 68ms (cache miss)
157 silly packumentCache full:https://registry.npmjs.org/tslib set size:undefined disposed:false
158 silly fetch manifest @img/sharp-linux-x64@0.34.5
159 silly packumentCache full:https://registry.npmjs.org/@img%2fsharp-linux-x64 cache-miss
160 http fetch GET 200 https://registry.npmjs.org/semver 69ms (cache miss)
161 silly packumentCache full:https://registry.npmjs.org/semver set size:undefined disposed:false
162 silly fetch manifest @img/sharp-win32-x64@0.34.5
163 silly packumentCache full:https://registry.npmjs.org/@img%2fsharp-win32-x64 cache-miss
164 http fetch GET 200 https://registry.npmjs.org/nanoid 74ms (cache miss)
165 silly packumentCache full:https://registry.npmjs.org/nanoid set size:undefined disposed:false
166 silly fetch manifest @img/sharp-darwin-x64@0.34.5
167 silly packumentCache full:https://registry.npmjs.org/@img%2fsharp-darwin-x64 cache-miss
168 http fetch GET 200 https://registry.npmjs.org/@img%2fcolour 78ms (cache miss)
169 silly packumentCache full:https://registry.npmjs.org/@img%2fcolour set size:undefined disposed:false
170 silly fetch manifest @img/sharp-win32-ia32@0.34.5
171 silly packumentCache full:https://registry.npmjs.org/@img%2fsharp-win32-ia32 cache-miss
172 http fetch GET 200 https://registry.npmjs.org/detect-libc 83ms (cache miss)
173 silly packumentCache full:https://registry.npmjs.org/detect-libc set size:undefined disposed:false
174 silly fetch manifest @img/sharp-linux-arm64@0.34.5
175 silly packumentCache full:https://registry.npmjs.org/@img%2fsharp-linux-arm64 cache-miss
176 http fetch GET 200 https://registry.npmjs.org/@img%2fsharp-linux-x64 72ms (cache miss)
177 silly packumentCache full:https://registry.npmjs.org/@img%2fsharp-linux-x64 set size:undefined disposed:false
178 silly fetch manifest @img/sharp-linux-ppc64@0.34.5
179 silly packumentCache full:https://registry.npmjs.org/@img%2fsharp-linux-ppc64 cache-miss
180 http fetch GET 200 https://registry.npmjs.org/@img%2fsharp-linux-arm 74ms (cache miss)
181 silly packumentCache full:https://registry.npmjs.org/@img%2fsharp-linux-arm set size:undefined disposed:false
182 silly fetch manifest @img/sharp-linux-s390x@0.34.5
183 silly packumentCache full:https://registry.npmjs.org/@img%2fsharp-linux-s390x cache-miss
184 http fetch GET 200 https://registry.npmjs.org/@img%2fsharp-win32-x64 70ms (cache miss)
185 silly packumentCache full:https://registry.npmjs.org/@img%2fsharp-win32-x64 set size:undefined disposed:false
186 silly fetch manifest @img/sharp-win32-arm64@0.34.5
187 silly packumentCache full:https://registry.npmjs.org/@img%2fsharp-win32-arm64 cache-miss
188 http fetch GET 200 https://registry.npmjs.org/@img%2fsharp-wasm32 83ms (cache miss)
189 silly packumentCache full:https://registry.npmjs.org/@img%2fsharp-wasm32 set size:undefined disposed:false
190 silly fetch manifest @img/sharp-darwin-arm64@0.34.5
191 silly packumentCache full:https://registry.npmjs.org/@img%2fsharp-darwin-arm64 cache-miss
192 http fetch GET 200 https://registry.npmjs.org/@img%2fsharp-win32-ia32 69ms (cache miss)
193 silly packumentCache full:https://registry.npmjs.org/@img%2fsharp-win32-ia32 set size:undefined disposed:false
194 silly fetch manifest @img/sharp-linux-riscv64@0.34.5
195 silly packumentCache full:https://registry.npmjs.org/@img%2fsharp-linux-riscv64 cache-miss
196 http fetch GET 200 https://registry.npmjs.org/@img%2fsharp-darwin-x64 78ms (cache miss)
197 silly packumentCache full:https://registry.npmjs.org/@img%2fsharp-darwin-x64 set size:undefined disposed:false
198 silly fetch manifest @img/sharp-linuxmusl-x64@0.34.5
199 silly packumentCache full:https://registry.npmjs.org/@img%2fsharp-linuxmusl-x64 cache-miss
200 http fetch GET 200 https://registry.npmjs.org/@img%2fsharp-linux-ppc64 74ms (cache miss)
201 silly packumentCache full:https://registry.npmjs.org/@img%2fsharp-linux-ppc64 set size:undefined disposed:false
202 silly fetch manifest @img/sharp-linuxmusl-arm64@0.34.5
203 silly packumentCache full:https://registry.npmjs.org/@img%2fsharp-linuxmusl-arm64 cache-miss
204 http fetch GET 200 https://registry.npmjs.org/@img%2fsharp-linux-s390x 74ms (cache miss)
205 silly packumentCache full:https://registry.npmjs.org/@img%2fsharp-linux-s390x set size:undefined disposed:false
206 silly fetch manifest @img/sharp-libvips-linux-arm@1.2.4
207 silly packumentCache full:https://registry.npmjs.org/@img%2fsharp-libvips-linux-arm cache-miss
208 http fetch GET 200 https://registry.npmjs.org/@img%2fsharp-linux-riscv64 71ms (cache miss)
209 silly packumentCache full:https://registry.npmjs.org/@img%2fsharp-linux-riscv64 set size:undefined disposed:false
210 silly fetch manifest @img/sharp-libvips-linux-x64@1.2.4
211 silly packumentCache full:https://registry.npmjs.org/@img%2fsharp-libvips-linux-x64 cache-miss
212 http fetch GET 200 https://registry.npmjs.org/@img%2fsharp-win32-arm64 79ms (cache miss)
213 silly packumentCache full:https://registry.npmjs.org/@img%2fsharp-win32-arm64 set size:undefined disposed:false
214 silly fetch manifest @img/sharp-libvips-darwin-x64@1.2.4
215 silly packumentCache full:https://registry.npmjs.org/@img%2fsharp-libvips-darwin-x64 cache-miss
216 http fetch GET 200 https://registry.npmjs.org/@img%2fsharp-darwin-arm64 83ms (cache miss)
217 silly packumentCache full:https://registry.npmjs.org/@img%2fsharp-darwin-arm64 set size:undefined disposed:false
218 silly fetch manifest @img/sharp-libvips-linux-arm64@1.2.4
219 silly packumentCache full:https://registry.npmjs.org/@img%2fsharp-libvips-linux-arm64 cache-miss
220 http fetch GET 200 https://registry.npmjs.org/@img%2fsharp-linux-arm64 143ms (cache miss)
221 silly packumentCache full:https://registry.npmjs.org/@img%2fsharp-linux-arm64 set size:undefined disposed:false
222 silly fetch manifest @img/sharp-libvips-linux-ppc64@1.2.4
223 silly packumentCache full:https://registry.npmjs.org/@img%2fsharp-libvips-linux-ppc64 cache-miss
224 http fetch GET 200 https://registry.npmjs.org/@img%2fsharp-linuxmusl-x64 90ms (cache miss)
225 silly packumentCache full:https://registry.npmjs.org/@img%2fsharp-linuxmusl-x64 set size:undefined disposed:false
226 silly fetch manifest @img/sharp-libvips-linux-s390x@1.2.4
227 silly packumentCache full:https://registry.npmjs.org/@img%2fsharp-libvips-linux-s390x cache-miss
228 http fetch GET 200 https://registry.npmjs.org/@img%2fsharp-linuxmusl-arm64 67ms (cache miss)
229 silly packumentCache full:https://registry.npmjs.org/@img%2fsharp-linuxmusl-arm64 set size:undefined disposed:false
230 silly fetch manifest @img/sharp-libvips-darwin-arm64@1.2.4
231 silly packumentCache full:https://registry.npmjs.org/@img%2fsharp-libvips-darwin-arm64 cache-miss
232 http fetch GET 200 https://registry.npmjs.org/@img%2fsharp-libvips-linux-arm 71ms (cache miss)
233 silly packumentCache full:https://registry.npmjs.org/@img%2fsharp-libvips-linux-arm set size:undefined disposed:false
234 silly fetch manifest @img/sharp-libvips-linux-riscv64@1.2.4
235 silly packumentCache full:https://registry.npmjs.org/@img%2fsharp-libvips-linux-riscv64 cache-miss
236 http fetch GET 200 https://registry.npmjs.org/@img%2fsharp-libvips-linux-x64 70ms (cache miss)
237 silly packumentCache full:https://registry.npmjs.org/@img%2fsharp-libvips-linux-x64 set size:undefined disposed:false
238 silly fetch manifest @img/sharp-libvips-linuxmusl-x64@1.2.4
239 silly packumentCache full:https://registry.npmjs.org/@img%2fsharp-libvips-linuxmusl-x64 cache-miss
240 http fetch GET 200 https://registry.npmjs.org/@img%2fsharp-libvips-darwin-x64 71ms (cache miss)
241 silly packumentCache full:https://registry.npmjs.org/@img%2fsharp-libvips-darwin-x64 set size:undefined disposed:false
242 silly fetch manifest @img/sharp-libvips-linuxmusl-arm64@1.2.4
243 silly packumentCache full:https://registry.npmjs.org/@img%2fsharp-libvips-linuxmusl-arm64 cache-miss
244 http fetch GET 200 https://registry.npmjs.org/@img%2fsharp-libvips-linux-ppc64 72ms (cache miss)
245 silly packumentCache full:https://registry.npmjs.org/@img%2fsharp-libvips-linux-ppc64 set size:undefined disposed:false
246 silly fetch manifest client-only@0.0.1
247 silly packumentCache full:https://registry.npmjs.org/client-only cache-miss
248 http fetch GET 200 https://registry.npmjs.org/@img%2fsharp-libvips-linux-arm64 75ms (cache miss)
249 silly packumentCache full:https://registry.npmjs.org/@img%2fsharp-libvips-linux-arm64 set size:undefined disposed:false
250 http fetch GET 200 https://registry.npmjs.org/@img%2fsharp-libvips-darwin-arm64 66ms (cache miss)
251 silly packumentCache full:https://registry.npmjs.org/@img%2fsharp-libvips-darwin-arm64 set size:undefined disposed:false
252 http fetch GET 200 https://registry.npmjs.org/@img%2fsharp-libvips-linux-riscv64 66ms (cache miss)
253 silly packumentCache full:https://registry.npmjs.org/@img%2fsharp-libvips-linux-riscv64 set size:undefined disposed:false
254 http fetch GET 200 https://registry.npmjs.org/client-only 61ms (cache miss)
255 silly packumentCache full:https://registry.npmjs.org/client-only set size:undefined disposed:false
256 http fetch GET 200 https://registry.npmjs.org/@img%2fsharp-libvips-linuxmusl-x64 74ms (cache miss)
257 silly packumentCache full:https://registry.npmjs.org/@img%2fsharp-libvips-linuxmusl-x64 set size:undefined disposed:false
258 http fetch GET 200 https://registry.npmjs.org/@img%2fsharp-libvips-linuxmusl-arm64 76ms (cache miss)
259 silly packumentCache full:https://registry.npmjs.org/@img%2fsharp-libvips-linuxmusl-arm64 set size:undefined disposed:false
260 http fetch GET 200 https://registry.npmjs.org/@img%2fsharp-libvips-linux-s390x 296ms (cache miss)
261 silly packumentCache full:https://registry.npmjs.org/@img%2fsharp-libvips-linux-s390x set size:undefined disposed:false
262 silly placeDep ROOT tslib@2.8.1 OK for: @swc/helpers@0.5.15 want: ^2.8.0
263 silly placeDep ROOT nanoid@3.3.12 OK for: postcss@8.4.31 want: ^3.3.6
264 silly placeDep ROOT picocolors@1.1.1 OK for: postcss@8.4.31 want: ^1.0.0
265 silly placeDep ROOT source-map-js@1.2.1 OK for: postcss@8.4.31 want: ^1.0.2
266 silly placeDep ROOT scheduler@0.27.0 OK for: react-dom@19.2.5 want: ^0.27.0
267 silly placeDep ROOT @img/colour@1.1.0 OK for: sharp@0.34.5 want: ^1.0.0
268 silly placeDep ROOT @img/sharp-darwin-arm64@0.34.5 OK for: sharp@0.34.5 want: 0.34.5
269 silly placeDep ROOT @img/sharp-darwin-x64@0.34.5 OK for: sharp@0.34.5 want: 0.34.5
270 silly placeDep ROOT @img/sharp-libvips-darwin-arm64@1.2.4 OK for: sharp@0.34.5 want: 1.2.4
271 silly placeDep ROOT @img/sharp-libvips-darwin-x64@1.2.4 OK for: sharp@0.34.5 want: 1.2.4
272 silly placeDep ROOT @img/sharp-libvips-linux-arm@1.2.4 OK for: sharp@0.34.5 want: 1.2.4
273 silly placeDep ROOT @img/sharp-libvips-linux-arm64@1.2.4 OK for: sharp@0.34.5 want: 1.2.4
274 silly placeDep ROOT @img/sharp-libvips-linux-ppc64@1.2.4 OK for: sharp@0.34.5 want: 1.2.4
275 silly placeDep ROOT @img/sharp-libvips-linux-riscv64@1.2.4 OK for: sharp@0.34.5 want: 1.2.4
276 silly placeDep ROOT @img/sharp-libvips-linux-s390x@1.2.4 OK for: sharp@0.34.5 want: 1.2.4
277 silly placeDep ROOT @img/sharp-libvips-linux-x64@1.2.4 OK for: sharp@0.34.5 want: 1.2.4
278 silly placeDep ROOT @img/sharp-libvips-linuxmusl-arm64@1.2.4 OK for: sharp@0.34.5 want: 1.2.4
279 silly placeDep ROOT @img/sharp-libvips-linuxmusl-x64@1.2.4 OK for: sharp@0.34.5 want: 1.2.4
280 silly placeDep ROOT @img/sharp-linux-arm@0.34.5 OK for: sharp@0.34.5 want: 0.34.5
281 silly placeDep ROOT @img/sharp-linux-arm64@0.34.5 OK for: sharp@0.34.5 want: 0.34.5
282 silly placeDep ROOT @img/sharp-linux-ppc64@0.34.5 OK for: sharp@0.34.5 want: 0.34.5
283 silly placeDep ROOT @img/sharp-linux-riscv64@0.34.5 OK for: sharp@0.34.5 want: 0.34.5
284 silly placeDep ROOT @img/sharp-linux-s390x@0.34.5 OK for: sharp@0.34.5 want: 0.34.5
285 silly placeDep ROOT @img/sharp-linux-x64@0.34.5 OK for: sharp@0.34.5 want: 0.34.5
286 silly placeDep ROOT @img/sharp-linuxmusl-arm64@0.34.5 OK for: sharp@0.34.5 want: 0.34.5
287 silly placeDep ROOT @img/sharp-linuxmusl-x64@0.34.5 OK for: sharp@0.34.5 want: 0.34.5
288 silly placeDep ROOT @img/sharp-wasm32@0.34.5 OK for: sharp@0.34.5 want: 0.34.5
289 silly placeDep ROOT @img/sharp-win32-arm64@0.34.5 OK for: sharp@0.34.5 want: 0.34.5
290 silly placeDep ROOT @img/sharp-win32-ia32@0.34.5 OK for: sharp@0.34.5 want: 0.34.5
291 silly placeDep ROOT @img/sharp-win32-x64@0.34.5 OK for: sharp@0.34.5 want: 0.34.5
292 silly placeDep ROOT detect-libc@2.1.2 OK for: sharp@0.34.5 want: ^2.1.2
293 silly placeDep ROOT semver@7.7.4 OK for: sharp@0.34.5 want: ^7.7.3
294 silly fetch manifest @emnapi/runtime@^1.7.0
295 silly packumentCache full:https://registry.npmjs.org/@emnapi%2fruntime cache-miss
296 http fetch GET 200 https://registry.npmjs.org/@emnapi%2fruntime 79ms (cache miss)
297 silly packumentCache full:https://registry.npmjs.org/@emnapi%2fruntime set size:undefined disposed:false
298 silly placeDep ROOT @emnapi/runtime@1.10.0 OK for: @img/sharp-wasm32@0.34.5 want: ^1.7.0
299 silly placeDep ROOT client-only@0.0.1 OK for: styled-jsx@5.1.6 want: 0.0.1
300 silly reify moves {}
301 silly audit bulk request {
301 silly audit   next: [ '16.2.4' ],
301 silly audit   react: [ '19.2.5' ],
301 silly audit   'react-dom': [ '19.2.5' ],
301 silly audit   '@next/env': [ '16.2.4' ],
301 silly audit   '@next/swc-darwin-arm64': [ '16.2.4' ],
301 silly audit   '@next/swc-darwin-x64': [ '16.2.4' ],
301 silly audit   '@next/swc-linux-arm64-gnu': [ '16.2.4' ],
301 silly audit   '@next/swc-linux-arm64-musl': [ '16.2.4' ],
301 silly audit   '@next/swc-linux-x64-gnu': [ '16.2.4' ],
301 silly audit   '@next/swc-linux-x64-musl': [ '16.2.4' ],
301 silly audit   '@next/swc-win32-arm64-msvc': [ '16.2.4' ],
301 silly audit   '@next/swc-win32-x64-msvc': [ '16.2.4' ],
301 silly audit   '@swc/helpers': [ '0.5.15' ],
301 silly audit   'baseline-browser-mapping': [ '2.10.27' ],
301 silly audit   'caniuse-lite': [ '1.0.30001792' ],
301 silly audit   postcss: [ '8.4.31' ],
301 silly audit   sharp: [ '0.34.5' ],
301 silly audit   'styled-jsx': [ '5.1.6' ],
301 silly audit   tslib: [ '2.8.1' ],
301 silly audit   nanoid: [ '3.3.12' ],
301 silly audit   picocolors: [ '1.1.1' ],
301 silly audit   'source-map-js': [ '1.2.1' ],
301 silly audit   scheduler: [ '0.27.0' ],
301 silly audit   '@img/colour': [ '1.1.0' ],
301 silly audit   '@img/sharp-darwin-arm64': [ '0.34.5' ],
301 silly audit   '@img/sharp-darwin-x64': [ '0.34.5' ],
301 silly audit   '@img/sharp-libvips-darwin-arm64': [ '1.2.4' ],
301 silly audit   '@img/sharp-libvips-darwin-x64': [ '1.2.4' ],
301 silly audit   '@img/sharp-libvips-linux-arm': [ '1.2.4' ],
301 silly audit   '@img/sharp-libvips-linux-arm64': [ '1.2.4' ],
301 silly audit   '@img/sharp-libvips-linux-ppc64': [ '1.2.4' ],
301 silly audit   '@img/sharp-libvips-linux-riscv64': [ '1.2.4' ],
301 silly audit   '@img/sharp-libvips-linux-s390x': [ '1.2.4' ],
301 silly audit   '@img/sharp-libvips-linux-x64': [ '1.2.4' ],
301 silly audit   '@img/sharp-libvips-linuxmusl-arm64': [ '1.2.4' ],
301 silly audit   '@img/sharp-libvips-linuxmusl-x64': [ '1.2.4' ],
301 silly audit   '@img/sharp-linux-arm': [ '0.34.5' ],
301 silly audit   '@img/sharp-linux-arm64': [ '0.34.5' ],
301 silly audit   '@img/sharp-linux-ppc64': [ '0.34.5' ],
301 silly audit   '@img/sharp-linux-riscv64': [ '0.34.5' ],
301 silly audit   '@img/sharp-linux-s390x': [ '0.34.5' ],
301 silly audit   '@img/sharp-linux-x64': [ '0.34.5' ],
301 silly audit   '@img/sharp-linuxmusl-arm64': [ '0.34.5' ],
301 silly audit   '@img/sharp-linuxmusl-x64': [ '0.34.5' ],
301 silly audit   '@img/sharp-wasm32': [ '0.34.5' ],
301 silly audit   '@img/sharp-win32-arm64': [ '0.34.5' ],
301 silly audit   '@img/sharp-win32-ia32': [ '0.34.5' ],
301 silly audit   '@img/sharp-win32-x64': [ '0.34.5' ],
301 silly audit   'detect-libc': [ '2.1.2' ],
301 silly audit   semver: [ '7.7.4' ],
301 silly audit   '@emnapi/runtime': [ '1.10.0' ],
301 silly audit   'client-only': [ '0.0.1' ]
301 silly audit }
302 verbose reify failed optional dependency /Users/apple/premier-nextjs/node_modules/@img/sharp-win32-x64
303 silly reify mark deleted [ '/Users/apple/premier-nextjs/node_modules/@img/sharp-win32-x64' ]
304 verbose reify failed optional dependency /Users/apple/premier-nextjs/node_modules/@img/sharp-win32-ia32
305 silly reify mark deleted [ '/Users/apple/premier-nextjs/node_modules/@img/sharp-win32-ia32' ]
306 verbose reify failed optional dependency /Users/apple/premier-nextjs/node_modules/@img/sharp-win32-arm64
307 silly reify mark deleted [ '/Users/apple/premier-nextjs/node_modules/@img/sharp-win32-arm64' ]
308 verbose reify failed optional dependency /Users/apple/premier-nextjs/node_modules/@img/sharp-wasm32
309 silly reify mark deleted [ '/Users/apple/premier-nextjs/node_modules/@img/sharp-wasm32' ]
310 verbose reify failed optional dependency /Users/apple/premier-nextjs/node_modules/@emnapi/runtime
311 silly reify mark deleted [ '/Users/apple/premier-nextjs/node_modules/@emnapi/runtime' ]
312 verbose reify failed optional dependency /Users/apple/premier-nextjs/node_modules/@img/sharp-linuxmusl-x64
313 silly reify mark deleted [ '/Users/apple/premier-nextjs/node_modules/@img/sharp-linuxmusl-x64' ]
314 verbose reify failed optional dependency /Users/apple/premier-nextjs/node_modules/@img/sharp-linuxmusl-arm64
315 silly reify mark deleted [
315 silly reify   '/Users/apple/premier-nextjs/node_modules/@img/sharp-linuxmusl-arm64'
315 silly reify ]
316 verbose reify failed optional dependency /Users/apple/premier-nextjs/node_modules/@img/sharp-linux-x64
317 silly reify mark deleted [ '/Users/apple/premier-nextjs/node_modules/@img/sharp-linux-x64' ]
318 verbose reify failed optional dependency /Users/apple/premier-nextjs/node_modules/@img/sharp-linux-s390x
319 silly reify mark deleted [ '/Users/apple/premier-nextjs/node_modules/@img/sharp-linux-s390x' ]
320 verbose reify failed optional dependency /Users/apple/premier-nextjs/node_modules/@img/sharp-linux-riscv64
321 silly reify mark deleted [ '/Users/apple/premier-nextjs/node_modules/@img/sharp-linux-riscv64' ]
322 verbose reify failed optional dependency /Users/apple/premier-nextjs/node_modules/@img/sharp-linux-ppc64
323 silly reify mark deleted [ '/Users/apple/premier-nextjs/node_modules/@img/sharp-linux-ppc64' ]
324 verbose reify failed optional dependency /Users/apple/premier-nextjs/node_modules/@img/sharp-linux-arm64
325 silly reify mark deleted [ '/Users/apple/premier-nextjs/node_modules/@img/sharp-linux-arm64' ]
326 verbose reify failed optional dependency /Users/apple/premier-nextjs/node_modules/@img/sharp-linux-arm
327 silly reify mark deleted [ '/Users/apple/premier-nextjs/node_modules/@img/sharp-linux-arm' ]
328 verbose reify failed optional dependency /Users/apple/premier-nextjs/node_modules/@img/sharp-libvips-linuxmusl-x64
329 silly reify mark deleted [
329 silly reify   '/Users/apple/premier-nextjs/node_modules/@img/sharp-libvips-linuxmusl-x64'
329 silly reify ]
330 verbose reify failed optional dependency /Users/apple/premier-nextjs/node_modules/@img/sharp-libvips-linuxmusl-arm64
331 silly reify mark deleted [
331 silly reify   '/Users/apple/premier-nextjs/node_modules/@img/sharp-libvips-linuxmusl-arm64'
331 silly reify ]
332 verbose reify failed optional dependency /Users/apple/premier-nextjs/node_modules/@img/sharp-libvips-linux-x64
333 silly reify mark deleted [
333 silly reify   '/Users/apple/premier-nextjs/node_modules/@img/sharp-libvips-linux-x64'
333 silly reify ]
334 verbose reify failed optional dependency /Users/apple/premier-nextjs/node_modules/@img/sharp-libvips-linux-s390x
335 silly reify mark deleted [
335 silly reify   '/Users/apple/premier-nextjs/node_modules/@img/sharp-libvips-linux-s390x'
335 silly reify ]
336 verbose reify failed optional dependency /Users/apple/premier-nextjs/node_modules/@img/sharp-libvips-linux-riscv64
337 silly reify mark deleted [
337 silly reify   '/Users/apple/premier-nextjs/node_modules/@img/sharp-libvips-linux-riscv64'
337 silly reify ]
338 verbose reify failed optional dependency /Users/apple/premier-nextjs/node_modules/@img/sharp-libvips-linux-ppc64
339 silly reify mark deleted [
339 silly reify   '/Users/apple/premier-nextjs/node_modules/@img/sharp-libvips-linux-ppc64'
339 silly reify ]
340 verbose reify failed optional dependency /Users/apple/premier-nextjs/node_modules/@img/sharp-libvips-linux-arm64
341 silly reify mark deleted [
341 silly reify   '/Users/apple/premier-nextjs/node_modules/@img/sharp-libvips-linux-arm64'
341 silly reify ]
342 verbose reify failed optional dependency /Users/apple/premier-nextjs/node_modules/@img/sharp-libvips-linux-arm
343 silly reify mark deleted [
343 silly reify   '/Users/apple/premier-nextjs/node_modules/@img/sharp-libvips-linux-arm'
343 silly reify ]
344 verbose reify failed optional dependency /Users/apple/premier-nextjs/node_modules/@img/sharp-libvips-darwin-x64
345 silly reify mark deleted [
345 silly reify   '/Users/apple/premier-nextjs/node_modules/@img/sharp-libvips-darwin-x64'
345 silly reify ]
346 verbose reify failed optional dependency /Users/apple/premier-nextjs/node_modules/@img/sharp-darwin-x64
347 silly reify mark deleted [ '/Users/apple/premier-nextjs/node_modules/@img/sharp-darwin-x64' ]
348 verbose reify failed optional dependency /Users/apple/premier-nextjs/node_modules/@next/swc-win32-x64-msvc
349 silly reify mark deleted [ '/Users/apple/premier-nextjs/node_modules/@next/swc-win32-x64-msvc' ]
350 verbose reify failed optional dependency /Users/apple/premier-nextjs/node_modules/@next/swc-win32-arm64-msvc
351 silly reify mark deleted [
351 silly reify   '/Users/apple/premier-nextjs/node_modules/@next/swc-win32-arm64-msvc'
351 silly reify ]
352 verbose reify failed optional dependency /Users/apple/premier-nextjs/node_modules/@next/swc-linux-x64-musl
353 silly reify mark deleted [ '/Users/apple/premier-nextjs/node_modules/@next/swc-linux-x64-musl' ]
354 verbose reify failed optional dependency /Users/apple/premier-nextjs/node_modules/@next/swc-linux-x64-gnu
355 silly reify mark deleted [ '/Users/apple/premier-nextjs/node_modules/@next/swc-linux-x64-gnu' ]
356 verbose reify failed optional dependency /Users/apple/premier-nextjs/node_modules/@next/swc-linux-arm64-musl
357 silly reify mark deleted [
357 silly reify   '/Users/apple/premier-nextjs/node_modules/@next/swc-linux-arm64-musl'
357 silly reify ]
358 verbose reify failed optional dependency /Users/apple/premier-nextjs/node_modules/@next/swc-linux-arm64-gnu
359 silly reify mark deleted [
359 silly reify   '/Users/apple/premier-nextjs/node_modules/@next/swc-linux-arm64-gnu'
359 silly reify ]
360 verbose reify failed optional dependency /Users/apple/premier-nextjs/node_modules/@next/swc-darwin-x64
361 silly reify mark deleted [ '/Users/apple/premier-nextjs/node_modules/@next/swc-darwin-x64' ]
362 silly tarball no local data for @emnapi/runtime@https://registry.npmjs.org/@emnapi/runtime/-/runtime-1.10.0.tgz. Extracting by manifest.
363 silly tarball no local data for semver@https://registry.npmjs.org/semver/-/semver-7.7.4.tgz. Extracting by manifest.
364 silly tarball no local data for detect-libc@https://registry.npmjs.org/detect-libc/-/detect-libc-2.1.2.tgz. Extracting by manifest.
365 silly tarball no local data for @img/sharp-libvips-darwin-arm64@https://registry.npmjs.org/@img/sharp-libvips-darwin-arm64/-/sharp-libvips-darwin-arm64-1.2.4.tgz. Extracting by manifest.
366 silly tarball no local data for client-only@https://registry.npmjs.org/client-only/-/client-only-0.0.1.tgz. Extracting by manifest.
367 silly tarball no local data for @img/sharp-darwin-arm64@https://registry.npmjs.org/@img/sharp-darwin-arm64/-/sharp-darwin-arm64-0.34.5.tgz. Extracting by manifest.
368 silly tarball no local data for scheduler@https://registry.npmjs.org/scheduler/-/scheduler-0.27.0.tgz. Extracting by manifest.
369 silly tarball no local data for source-map-js@https://registry.npmjs.org/source-map-js/-/source-map-js-1.2.1.tgz. Extracting by manifest.
370 silly tarball no local data for picocolors@https://registry.npmjs.org/picocolors/-/picocolors-1.1.1.tgz. Extracting by manifest.
371 silly tarball no local data for nanoid@https://registry.npmjs.org/nanoid/-/nanoid-3.3.12.tgz. Extracting by manifest.
372 silly tarball no local data for tslib@https://registry.npmjs.org/tslib/-/tslib-2.8.1.tgz. Extracting by manifest.
373 silly tarball no local data for styled-jsx@https://registry.npmjs.org/styled-jsx/-/styled-jsx-5.1.6.tgz. Extracting by manifest.
374 silly tarball no local data for @img/colour@https://registry.npmjs.org/@img/colour/-/colour-1.1.0.tgz. Extracting by manifest.
375 silly tarball no local data for caniuse-lite@https://registry.npmjs.org/caniuse-lite/-/caniuse-lite-1.0.30001792.tgz. Extracting by manifest.
376 silly tarball no local data for sharp@https://registry.npmjs.org/sharp/-/sharp-0.34.5.tgz. Extracting by manifest.
377 silly tarball no local data for baseline-browser-mapping@https://registry.npmjs.org/baseline-browser-mapping/-/baseline-browser-mapping-2.10.27.tgz. Extracting by manifest.
378 silly tarball no local data for @next/swc-darwin-arm64@https://registry.npmjs.org/@next/swc-darwin-arm64/-/swc-darwin-arm64-16.2.4.tgz. Extracting by manifest.
379 silly tarball no local data for @next/env@https://registry.npmjs.org/@next/env/-/env-16.2.4.tgz. Extracting by manifest.
380 silly tarball no local data for react-dom@https://registry.npmjs.org/react-dom/-/react-dom-19.2.5.tgz. Extracting by manifest.
381 silly tarball no local data for react@https://registry.npmjs.org/react/-/react-19.2.5.tgz. Extracting by manifest.
382 silly tarball no local data for next@https://registry.npmjs.org/next/-/next-16.2.4.tgz. Extracting by manifest.
383 silly tarball no local data for @swc/helpers@https://registry.npmjs.org/@swc/helpers/-/helpers-0.5.15.tgz. Extracting by manifest.
384 silly tarball no local data for postcss@https://registry.npmjs.org/postcss/-/postcss-8.4.31.tgz. Extracting by manifest.
385 http fetch GET 200 https://registry.npmjs.org/client-only/-/client-only-0.0.1.tgz 82ms (cache miss)
386 http fetch GET 200 https://registry.npmjs.org/detect-libc/-/detect-libc-2.1.2.tgz 85ms (cache miss)
387 http fetch GET 200 https://registry.npmjs.org/semver/-/semver-7.7.4.tgz 92ms (cache miss)
388 http fetch GET 200 https://registry.npmjs.org/@emnapi/runtime/-/runtime-1.10.0.tgz 93ms (cache miss)
389 http fetch GET 200 https://registry.npmjs.org/@img/sharp-darwin-arm64/-/sharp-darwin-arm64-0.34.5.tgz 104ms (cache miss)
390 http fetch GET 200 https://registry.npmjs.org/baseline-browser-mapping/-/baseline-browser-mapping-2.10.27.tgz 130ms (cache miss)
391 http fetch GET 200 https://registry.npmjs.org/sharp/-/sharp-0.34.5.tgz 151ms (cache miss)
392 http fetch GET 200 https://registry.npmjs.org/@next/env/-/env-16.2.4.tgz 155ms (cache miss)
393 http fetch GET 200 https://registry.npmjs.org/react-dom/-/react-dom-19.2.5.tgz 241ms (cache miss)
394 http fetch GET 200 https://registry.npmjs.org/scheduler/-/scheduler-0.27.0.tgz 246ms (cache miss)
395 http fetch GET 200 https://registry.npmjs.org/react/-/react-19.2.5.tgz 242ms (cache miss)
396 http fetch GET 200 https://registry.npmjs.org/tslib/-/tslib-2.8.1.tgz 250ms (cache miss)
397 http fetch GET 200 https://registry.npmjs.org/nanoid/-/nanoid-3.3.12.tgz 258ms (cache miss)
398 http fetch GET 200 https://registry.npmjs.org/picocolors/-/picocolors-1.1.1.tgz 263ms (cache miss)
399 http fetch GET 200 https://registry.npmjs.org/@img/colour/-/colour-1.1.0.tgz 262ms (cache miss)
400 http fetch GET 200 https://registry.npmjs.org/source-map-js/-/source-map-js-1.2.1.tgz 272ms (cache miss)
401 http fetch POST 200 https://registry.npmjs.org/-/npm/v1/security/advisories/bulk 296ms
402 silly audit report {
402 silly audit report   postcss: [
402 silly audit report     {
402 silly audit report       id: 1117015,
402 silly audit report       url: 'https://github.com/advisories/GHSA-qx2v-qp2m-jg93',
402 silly audit report       title: 'PostCSS has XSS via Unescaped </style> in its CSS Stringify Output',
402 silly audit report       severity: 'moderate',
402 silly audit report       vulnerable_versions: '<8.5.10',
402 silly audit report       cwe: [Array],
402 silly audit report       cvss: [Object]
402 silly audit report     }
402 silly audit report   ]
402 silly audit report }
403 silly packumentCache corgi:https://registry.npmjs.org/postcss cache-miss
404 http fetch GET 200 https://registry.npmjs.org/postcss/-/postcss-8.4.31.tgz 355ms (cache miss)
405 http fetch GET 200 https://registry.npmjs.org/@swc/helpers/-/helpers-0.5.15.tgz 416ms (cache miss)
406 http fetch GET 200 https://registry.npmjs.org/styled-jsx/-/styled-jsx-5.1.6.tgz 459ms (cache miss)
407 http fetch GET 200 https://registry.npmjs.org/postcss 181ms (cache miss)
408 silly packumentCache corgi:https://registry.npmjs.org/postcss set size:undefined disposed:false
409 silly packumentCache corgi:https://registry.npmjs.org/next cache-miss
410 http fetch GET 200 https://registry.npmjs.org/@img/sharp-libvips-darwin-arm64/-/sharp-libvips-darwin-arm64-1.2.4.tgz 545ms (cache miss)
411 http fetch GET 200 https://registry.npmjs.org/caniuse-lite/-/caniuse-lite-1.0.30001792.tgz 635ms (cache miss)
412 http fetch GET 200 https://registry.npmjs.org/next 887ms (cache miss)
413 silly packumentCache corgi:https://registry.npmjs.org/next set size:undefined disposed:false
414 http fetch GET 200 https://registry.npmjs.org/@next/swc-darwin-arm64/-/swc-darwin-arm64-16.2.4.tgz 3010ms (cache miss)
415 http fetch GET 200 https://registry.npmjs.org/next/-/next-16.2.4.tgz 3762ms (cache miss)
416 info run sharp@0.34.5 install node_modules/sharp node install/check.js || npm run build
417 info run sharp@0.34.5 install { code: 0, signal: null }
418 silly ADD node_modules/client-only
419 silly ADD
420 silly ADD node_modules/semver
421 silly ADD node_modules/detect-libc
422 silly ADD
423 silly ADD
424 silly ADD
425 silly ADD
426 silly ADD
427 silly ADD
428 silly ADD
429 silly ADD
430 silly ADD
431 silly ADD
432 silly ADD
433 silly ADD
434 silly ADD
435 silly ADD
436 silly ADD
437 silly ADD
438 silly ADD
439 silly ADD
440 silly ADD
441 silly ADD
442 silly ADD
443 silly ADD node_modules/@img/sharp-libvips-darwin-arm64
444 silly ADD
445 silly ADD node_modules/@img/sharp-darwin-arm64
446 silly ADD node_modules/@img/colour
447 silly ADD node_modules/scheduler
448 silly ADD node_modules/source-map-js
449 silly ADD node_modules/picocolors
450 silly ADD node_modules/nanoid
451 silly ADD node_modules/tslib
452 silly ADD node_modules/styled-jsx
453 silly ADD node_modules/sharp
454 silly ADD node_modules/postcss
455 silly ADD node_modules/caniuse-lite
456 silly ADD node_modules/baseline-browser-mapping
457 silly ADD node_modules/@swc/helpers
458 silly ADD
459 silly ADD
460 silly ADD
461 silly ADD
462 silly ADD
463 silly ADD
464 silly ADD
465 silly ADD node_modules/@next/swc-darwin-arm64
466 silly ADD node_modules/@next/env
467 silly ADD node_modules/react-dom
468 silly ADD node_modules/react
469 silly ADD node_modules/next
470 verbose cwd /Users/apple/premier-nextjs
471 verbose os Darwin 25.3.0
472 verbose node v20.20.0
473 verbose npm  v10.8.2
474 verbose exit 0
475 info ok
